// Jest Snapshot v1, https://goo.gl/fbAQLP

exports[`Avatar should match snapshot 1`] = `
<View
  style={
    Array [
      Object {
        "alignContent": "center",
        "alignSelf": "center",
        "justifyContent": "center",
      },
      Object {
        "backgroundColor": "#A57FEE",
        "borderRadius": 100,
        "height": 100,
        "width": 100,
      },
    ]
  }
  testID="avatar"
>
  <Text>
    Hello!
  </Text>
</View>
`;
