// Jest Snapshot v1, https://goo.gl/fbAQLP

exports[`ConditionList should match snapshot 1`] = `
Array [
  <Text
    style={
      Array [
        Object {
          "color": "#11100F",
          "fontSize": 16,
        },
        Array [
          Object {
            "fontSize": 20,
            "fontWeight": "600",
            "marginLeft": 14,
            "marginVertical": 14,
          },
        ],
      ]
    }
  >
    Patolog√≠a/s preexistentes:
  </Text>,
  <View
    style={
      Object {
        "flexDirection": "row",
        "flexWrap": "wrap",
        "justifyContent": "flex-start",
        "paddingHorizontal": 8,
      }
    }
  >
    <View
      style={
        Array [
          Object {
            "borderRadius": 12,
            "margin": 6,
            "padding": 6,
          },
          Object {
            "backgroundColor": "#79a30",
          },
        ]
      }
      testID="container-text"
    >
      <Text
        style={
          Array [
            Object {
              "color": "#11100F",
              "fontSize": 16,
            },
            Object {
              "color": "#11100F",
              "fontWeight": "600",
            },
          ]
        }
        testID="Ciego"
      >
        Ciego
      </Text>
    </View>
    <View
      style={
        Array [
          Object {
            "borderRadius": 12,
            "margin": 6,
            "padding": 6,
          },
          Object {
            "backgroundColor": "#72212d",
          },
        ]
      }
      testID="container-text"
    >
      <Text
        style={
          Array [
            Object {
              "color": "#11100F",
              "fontSize": 16,
            },
            Object {
              "color": "#11100F",
              "fontWeight": "600",
            },
          ]
        }
        testID="Sordo"
      >
        Sordo
      </Text>
    </View>
  </View>,
]
`;
