// Jest Snapshot v1, https://goo.gl/fbAQLP

exports[`CustomText should match snapshot 1`] = `
<Text
  style={
    Array [
      Object {
        "color": "#11100F",
        "fontSize": 16,
      },
      Object {},
    ]
  }
  testID="custom-text"
>
  Hello World!
</Text>
`;
