// Jest Snapshot v1, https://goo.gl/fbAQLP

exports[`Fab should match snapshot 1`] = `
<View
  accessible={true}
  collapsable={false}
  focusable={true}
  onClick={[Function]}
  onResponderGrant={[Function]}
  onResponderMove={[Function]}
  onResponderRelease={[Function]}
  onResponderTerminate={[Function]}
  onResponderTerminationRequest={[Function]}
  onStartShouldSetResponder={[Function]}
  style={
    Object {
      "backgroundColor": "#A765C1",
      "borderRadius": 60,
      "bottom": 100,
      "height": 60,
      "justifyContent": "center",
      "opacity": 1,
      "position": "absolute",
      "right": 10,
      "width": 60,
    }
  }
  testID="container"
>
  <MockedIoniconsIcons
    color="#EEEEEE"
    name="add"
    size={40}
    style={
      Object {
        "alignSelf": "center",
      }
    }
    testID="icon"
  />
</View>
`;
