// Jest Snapshot v1, https://goo.gl/fbAQLP

exports[`Loading should match snapshot 1`] = `
<View
  style={
    Object {
      "flex": 1,
      "justifyContent": "center",
    }
  }
  testID="container"
>
  <ActivityIndicator
    color="#A765C1"
    size="large"
    testID="loading"
  />
</View>
`;
